// Jest Snapshot v1, https://goo.gl/fbAQLP

exports[`renders Work section correctly 1`] = `
<div>
  <section
    class="section section-work"
  >
    <div
      class="flex-row"
    >
      <h2
        class="profile-heading"
      >
        Work
      </h2>
      <p
        class="profile-caption-invert"
      >
        typing, clicking, stackoverflow-ing
      </p>
      <p
        class="profile-intro"
      >
        Lorem ipsum dolor sit amet, consectetur adipiscing elit, sed do eiusmod tempor incididunt ut labore et dolore magna aliqua. Ut enim ad minim veniam, quis nostrud exercitation ullamco laboris nisi ut aliquip ex ea commodo consequat. Duis aute irure dolor in reprehenderit in voluptate velit esse cillum dolore eu fugiat nulla pariatur. Excepteur sint occaecat cupidatat non proident, sunt in culpa qui officia deserunt mollit anim id est laborum
      </p>
      <p
        class="profile-intro"
      >
        Lorem ipsum dolor sit amet, consectetur adipiscing elit, sed do eiusmod tempor incididunt ut labore et dolore magna aliqua. Ut enim ad minim veniam, quis nostrud exercitation ullamco laboris nisi ut aliquip ex ea commodo consequat. Duis aute irure dolor in reprehenderit in voluptate velit esse cillum dolore eu fugiat nulla pariatur. Excepteur sint occaecat cupidatat non proident, sunt in culpa qui officia deserunt mollit anim id est laborum
      </p>
      <code>
        github things? screenshots? links?
      </code>
    </div>
  </section>
</div>
`;
