// Jest Snapshot v1, https://goo.gl/fbAQLP

exports[`renders Work section correctly 1`] = `
<div>
  <section
    class="section section-work"
  >
    <div
      class="flex-row"
    >
      <h2
        class="profile-heading"
      >
        heading
      </h2>
      <p
        class="profile-caption-invert"
      >
        caption
      </p>
      <p
        class="profile-intro"
      >
        intro
      </p>
      <code
        style="display: none;"
      >
        github things? screenshots? links?
      </code>
    </div>
  </section>
</div>
`;
